Copyright 1986-2022 Xilinx, Inc. All Rights Reserved. Copyright 2022-2024 Advanced Micro Devices, Inc. All Rights Reserved.
---------------------------------------------------------------------------------------------------------------------------------------------
| Tool Version : Vivado v.2024.1 (win64) Build 5076996 Wed May 22 18:37:14 MDT 2024
| Date         : Tue Nov  5 15:27:46 2024
| Host         : DESKTOP-26ONRPF running 64-bit major release  (build 9200)
| Command      : report_control_sets -verbose -file ADC_CONTROL_TOP_control_sets_placed.rpt
| Design       : ADC_CONTROL_TOP
| Device       : xc7a35t
---------------------------------------------------------------------------------------------------------------------------------------------

Control Set Information

Table of Contents
-----------------
1. Summary
2. Histogram
3. Flip-Flop Distribution
4. Detailed Control Set Information

1. Summary
----------

+----------------------------------------------------------+-------+
|                          Status                          | Count |
+----------------------------------------------------------+-------+
| Total control sets                                       |    36 |
|    Minimum number of control sets                        |    36 |
|    Addition due to synthesis replication                 |     0 |
|    Addition due to physical synthesis replication        |     0 |
| Unused register locations in slices containing registers |   222 |
+----------------------------------------------------------+-------+
* Control sets can be merged at opt_design using control_set_merge or merge_equivalent_drivers
** Run report_qor_suggestions for automated merging and remapping suggestions


2. Histogram
------------

+--------------------+-------+
|       Fanout       | Count |
+--------------------+-------+
| Total control sets |    36 |
| >= 0 to < 4        |    30 |
| >= 4 to < 6        |     0 |
| >= 6 to < 8        |     1 |
| >= 8 to < 10       |     0 |
| >= 10 to < 12      |     1 |
| >= 12 to < 14      |     0 |
| >= 14 to < 16      |     2 |
| >= 16              |     2 |
+--------------------+-------+
* Control sets can be remapped at either synth_design or opt_design


3. Flip-Flop Distribution
-------------------------

+--------------+-----------------------+------------------------+-----------------+--------------+
| Clock Enable | Synchronous Set/Reset | Asynchronous Set/Reset | Total Registers | Total Slices |
+--------------+-----------------------+------------------------+-----------------+--------------+
| No           | No                    | No                     |              25 |            7 |
| No           | No                    | Yes                    |              29 |           18 |
| No           | Yes                   | No                     |               0 |            0 |
| Yes          | No                    | No                     |              32 |           20 |
| Yes          | No                    | Yes                    |               0 |            0 |
| Yes          | Yes                   | No                     |              28 |            8 |
+--------------+-----------------------+------------------------+-----------------+--------------+


4. Detailed Control Set Information
-----------------------------------

+---------------------------------------------------------------------------------------------------+--------------------------------------+-------------------------------------------+------------------+----------------+--------------+
|                                            Clock Signal                                           |             Enable Signal            |              Set/Reset Signal             | Slice Load Count | Bel Load Count | Bels / Slice |
+---------------------------------------------------------------------------------------------------+--------------------------------------+-------------------------------------------+------------------+----------------+--------------+
|  pulse_gen_1_SDACLK/EXT_EXT_SCK_POS_ADC_CONTROL_TO_ADC_B_OUT_OBUF                                 | adc_ctrl1/serial_data_adc_10[2]      |                                           |                1 |              1 |         1.00 |
|  master_of_clk/inst/clk_out1                                                                      |                                      | pulse_gen_1_SDACLK/pulse_complete_reg_n_0 |                1 |              1 |         1.00 |
|  master_of_clk/inst/clk_out1                                                                      |                                      | pulse_gen_1_SDACLK/done_i_2_n_0           |                1 |              1 |         1.00 |
|  pulse_gen_1_SDACLK/output_state[1]                                                               |                                      | pulse_gen_1_SDACLK/done                   |                1 |              1 |         1.00 |
| ~pulse_gen_3_45ns_DCN/i_PULSE_DCNVSCKL_PULSE_PULSEGEN_3_ACTIVE_PULSE_WIDTH_OUT_TO_ADC_CONTROL_IN  |                                      | adc_ctrl1/spi_clk_trig_out_0              |                1 |              1 |         1.00 |
| ~pulse_gen_4_45ns_DSC/i_PULSE_DSCKLCNVH_PULSE_PULSEGEN_4_ACTIVE_PULSE_WIDTH_OUT_TO_ADC_CONTROL_IN |                                      | adc_ctrl1/dsc_pulse_done_i_2_n_0          |                1 |              1 |         1.00 |
|  i_outval                                                                                         |                                      | adc_ctrl1/dsc_trig_out                    |                1 |              1 |         1.00 |
| ~master_of_clk/inst/clk_out1                                                                      |                                      |                                           |                1 |              1 |         1.00 |
|  adc_ctrl1/dcn_trig_out                                                                           |                                      | pulse_gen_2_35ns_CNV/done_reg_n_0         |                1 |              1 |         1.00 |
|  adc_ctrl1/dcn_trig_out                                                                           |                                      | pulse_gen_3_45ns_DCN/done_reg_n_0         |                1 |              1 |         1.00 |
|  adc_ctrl1/data_ready                                                                             |                                      | pulse_gen_4_45ns_DSC/done_reg_n_0         |                1 |              1 |         1.00 |
|  adc_ctrl1/spi_clk_trig_out                                                                       |                                      | pulse_gen_1_SDACLK/done                   |                1 |              1 |         1.00 |
| ~pulse_gen_1_SDACLK/ACTIVE                                                                        |                                      | adc_ctrl1/dsc_trig_out                    |                1 |              1 |         1.00 |
|  pulse_gen_1_SDACLK/done                                                                          |                                      | adc_ctrl1/spi_clk_trig_out                |                1 |              1 |         1.00 |
|  pulse_gen_1_SDACLK/EXT_EXT_SCK_POS_ADC_CONTROL_TO_ADC_B_OUT_OBUF                                 | adc_ctrl1/serial_data_adc_10[0]      |                                           |                1 |              1 |         1.00 |
|  pulse_gen_1_SDACLK/EXT_EXT_SCK_POS_ADC_CONTROL_TO_ADC_B_OUT_OBUF                                 | adc_ctrl1/serial_data_adc_10[1]      |                                           |                1 |              1 |         1.00 |
|  pulse_gen_1_SDACLK/EXT_EXT_SCK_POS_ADC_CONTROL_TO_ADC_B_OUT_OBUF                                 | adc_ctrl1/serial_data_adc_10[4]      |                                           |                1 |              1 |         1.00 |
|  pulse_gen_1_SDACLK/EXT_EXT_SCK_POS_ADC_CONTROL_TO_ADC_B_OUT_OBUF                                 | adc_ctrl1/serial_data_adc_10[5]      |                                           |                1 |              1 |         1.00 |
|  i_outval_reg_i_2_n_0                                                                             |                                      |                                           |                1 |              1 |         1.00 |
|  pulse_gen_1_SDACLK/EXT_EXT_SCK_POS_ADC_CONTROL_TO_ADC_B_OUT_OBUF                                 | adc_ctrl1/serial_data_adc_10[3]      |                                           |                1 |              1 |         1.00 |
|  pulse_gen_1_SDACLK/EXT_EXT_SCK_POS_ADC_CONTROL_TO_ADC_B_OUT_OBUF                                 | adc_ctrl1/serial_data_adc_10[6]      |                                           |                1 |              1 |         1.00 |
|  pulse_gen_1_SDACLK/EXT_EXT_SCK_POS_ADC_CONTROL_TO_ADC_B_OUT_OBUF                                 | adc_ctrl1/serial_data_adc_10[9]      |                                           |                1 |              1 |         1.00 |
|  pulse_gen_1_SDACLK/EXT_EXT_SCK_POS_ADC_CONTROL_TO_ADC_B_OUT_OBUF                                 | adc_ctrl1/serial_data_adc_10[8]      |                                           |                1 |              1 |         1.00 |
|  pulse_gen_1_SDACLK/EXT_EXT_SCK_POS_ADC_CONTROL_TO_ADC_B_OUT_OBUF                                 | adc_ctrl1/serial_data_adc_10[10]     |                                           |                1 |              1 |         1.00 |
|  pulse_gen_1_SDACLK/EXT_EXT_SCK_POS_ADC_CONTROL_TO_ADC_B_OUT_OBUF                                 | adc_ctrl1/serial_data_adc_10[7]      |                                           |                1 |              1 |         1.00 |
|  pulse_gen_1_SDACLK/EXT_EXT_SCK_POS_ADC_CONTROL_TO_ADC_B_OUT_OBUF                                 | adc_ctrl1/serial_data_adc_10[11]     |                                           |                1 |              1 |         1.00 |
|  pulse_gen_1_SDACLK/EXT_EXT_SCK_POS_ADC_CONTROL_TO_ADC_B_OUT_OBUF                                 | adc_ctrl1/serial_data_adc_10[13]     |                                           |                1 |              1 |         1.00 |
|  pulse_gen_1_SDACLK/EXT_EXT_SCK_POS_ADC_CONTROL_TO_ADC_B_OUT_OBUF                                 | adc_ctrl1/serial_data_adc_10[12]     |                                           |                1 |              1 |         1.00 |
|  pulse_gen_1_SDACLK/EXT_EXT_SCK_POS_ADC_CONTROL_TO_ADC_B_OUT_OBUF                                 | adc_ctrl1/serial_data_adc_10[14]     |                                           |                1 |              1 |         1.00 |
|  pulse_gen_1_SDACLK/EXT_EXT_SCK_POS_ADC_CONTROL_TO_ADC_B_OUT_OBUF                                 | adc_ctrl1/serial_data_adc_10[15]     |                                           |                1 |              1 |         1.00 |
| ~pulse_gen_1_SDACLK/EXT_EXT_SCK_POS_ADC_CONTROL_TO_ADC_B_OUT_OBUF                                 |                                      | adc_ctrl1/dsc_trig_out                    |                2 |              6 |         3.00 |
|  master_of_clk/inst/clk_out1                                                                      |                                      | i_outval_reg_i_2_n_0                      |                4 |             11 |         2.75 |
|  master_of_clk/inst/clk_out1                                                                      | pulse_gen_1_SDACLK/clk_count         | pulse_gen_1_SDACLK/s_toggle4_out          |                4 |             14 |         3.50 |
|  master_of_clk/inst/clk_out1                                                                      | pulse_gen_1_SDACLK/pulses_generated0 | pulse_gen_1_SDACLK/done0                  |                4 |             14 |         3.50 |
|  master_of_clk/inst/clk_out1                                                                      | adc_ctrl1/dsc_trig_out               |                                           |                4 |             16 |         4.00 |
|  master_of_clk/inst/clk_out1                                                                      |                                      |                                           |                5 |             23 |         4.60 |
+---------------------------------------------------------------------------------------------------+--------------------------------------+-------------------------------------------+------------------+----------------+--------------+


