#-----------------------------------------------------------
# Vivado v2024.1 (64-bit)
# SW Build 5076996 on Wed May 22 18:37:14 MDT 2024
# IP Build 5075265 on Wed May 22 21:45:21 MDT 2024
# SharedData Build 5076995 on Wed May 22 18:29:18 MDT 2024
# Start of session at: Wed Nov 13 12:09:34 2024
# Process ID: 3856
# Current directory: C:/Users/jakob/Desktop/P7---Bsc/Code/VHDL/ActiveTest
# Command line: vivado.exe -gui_launcher_event rodinguilauncherevent9268 C:\Users\jakob\Desktop\P7---Bsc\Code\VHDL\ActiveTest\ActiveTest.xpr
# Log file: C:/Users/jakob/Desktop/P7---Bsc/Code/VHDL/ActiveTest/vivado.log
# Journal file: C:/Users/jakob/Desktop/P7---Bsc/Code/VHDL/ActiveTest\vivado.jou
# Running On        :DESKTOP-26ONRPF
# Platform          :Windows Server 2016 or Windows 10
# Operating System  :19045
# Processor Detail  :Intel(R) Core(TM) i5-7300HQ CPU @ 2.50GHz
# CPU Frequency     :2496 MHz
# CPU Physical cores:4
# CPU Logical cores :4
# Host memory       :8469 MB
# Swap memory       :7247 MB
# Total Virtual     :15717 MB
# Available Virtual :10137 MB
#-----------------------------------------------------------
start_gui
open_project C:/Users/jakob/Desktop/P7---Bsc/Code/VHDL/ActiveTest/ActiveTest.xpr
update_compile_order -fileset sources_1
reset_run synth_1
launch_runs impl_1 -to_step write_bitstream -jobs 4
wait_on_run impl_1
open_hw_manager
connect_hw_server -allow_non_jtag
open_hw_target
set_property PROGRAM.FILE {C:/Users/jakob/Desktop/P7---Bsc/Code/VHDL/ActiveTest/ActiveTest.runs/impl_1/sample_control_TOP.bit} [get_hw_devices xc7a35t_0]
current_hw_device [get_hw_devices xc7a35t_0]
refresh_hw_device -update_hw_probes false [lindex [get_hw_devices xc7a35t_0] 0]
create_hw_cfgmem -hw_device [get_hw_devices xc7a35t_0] -mem_dev [lindex [get_cfgmem_parts {mx25l3273f-spi-x1_x2_x4}] 0]
set_property PROBES.FILE {} [get_hw_devices xc7a35t_0]
set_property FULL_PROBES.FILE {} [get_hw_devices xc7a35t_0]
set_property PROGRAM.FILE {C:/Users/jakob/Desktop/P7---Bsc/Code/VHDL/ActiveTest/ActiveTest.runs/impl_1/sample_control_TOP.bit} [get_hw_devices xc7a35t_0]
program_hw_devices [get_hw_devices xc7a35t_0]
refresh_hw_device [lindex [get_hw_devices xc7a35t_0] 0]
reset_run synth_1
launch_runs synth_1 -jobs 4
wait_on_run synth_1
open_run synth_1 -name synth_1
refresh_design
place_ports {i_SAMPLE_F[0]} P1
place_ports {i_SAMPLE_F[1]} N2
place_ports {i_SAMPLE_F[2]} N1
place_ports {i_SAMPLE_F[3]} M2
place_ports {i_SAMPLE_F[4]} P3
place_ports {i_SAMPLE_F[5]} N3
place_ports {i_SAMPLE_F[6]} M1
place_ports {i_SAMPLE_F[7]} L2
place_ports {i_SAMPLE_F[8]} L1
place_ports {i_SAMPLE_F[9]} K2
place_ports {i_SAMPLE_F[10]} J1
place_ports {i_SAMPLE_F[11]} J3
place_ports {i_SAMPLE_F[12]} A14
place_ports {i_SAMPLE_F[13]} B15
place_ports {i_SAMPLE_F[14]} A15
place_ports {i_SAMPLE_F[15]} H1
set_property IOSTANDARD LVCMOS33 [get_ports [list {i_SAMPLE_F[15]} {i_SAMPLE_F[14]} {i_SAMPLE_F[13]} {i_SAMPLE_F[12]} {i_SAMPLE_F[11]} {i_SAMPLE_F[10]} {i_SAMPLE_F[9]} {i_SAMPLE_F[8]} {i_SAMPLE_F[7]} {i_SAMPLE_F[6]} {i_SAMPLE_F[5]} {i_SAMPLE_F[4]} {i_SAMPLE_F[3]} {i_SAMPLE_F[2]} {i_SAMPLE_F[1]} {i_SAMPLE_F[0]}]]
set_property PULLTYPE PULLUP [get_ports [list {i_SAMPLE_F[15]} {i_SAMPLE_F[14]} {i_SAMPLE_F[13]} {i_SAMPLE_F[12]} {i_SAMPLE_F[11]} {i_SAMPLE_F[10]} {i_SAMPLE_F[9]} {i_SAMPLE_F[8]} {i_SAMPLE_F[7]} {i_SAMPLE_F[6]} {i_SAMPLE_F[5]} {i_SAMPLE_F[4]} {i_SAMPLE_F[3]} {i_SAMPLE_F[2]} {i_SAMPLE_F[1]} {i_SAMPLE_F[0]}]]
save_constraints
reset_run synth_1
launch_runs impl_1 -to_step write_bitstream -jobs 4
wait_on_run impl_1
set_property PROBES.FILE {} [get_hw_devices xc7a35t_0]
set_property FULL_PROBES.FILE {} [get_hw_devices xc7a35t_0]
set_property PROGRAM.FILE {C:/Users/jakob/Desktop/P7---Bsc/Code/VHDL/ActiveTest/ActiveTest.runs/impl_1/sample_control_TOP.bit} [get_hw_devices xc7a35t_0]
program_hw_devices [get_hw_devices xc7a35t_0]
refresh_hw_device [lindex [get_hw_devices xc7a35t_0] 0]
set_property PROBES.FILE {} [get_hw_devices xc7a35t_0]
set_property FULL_PROBES.FILE {} [get_hw_devices xc7a35t_0]
set_property PROGRAM.FILE {C:/Users/jakob/Desktop/P7---Bsc/Code/VHDL/ActiveTest/ActiveTest.runs/impl_1/sample_control_TOP.bit} [get_hw_devices xc7a35t_0]
program_hw_devices [get_hw_devices xc7a35t_0]
refresh_hw_device [lindex [get_hw_devices xc7a35t_0] 0]
set_property PROBES.FILE {} [get_hw_devices xc7a35t_0]
set_property FULL_PROBES.FILE {} [get_hw_devices xc7a35t_0]
set_property PROGRAM.FILE {C:/Users/jakob/Desktop/P7---Bsc/Code/VHDL/ActiveTest/ActiveTest.runs/impl_1/sample_control_TOP.bit} [get_hw_devices xc7a35t_0]
program_hw_devices [get_hw_devices xc7a35t_0]
refresh_hw_device [lindex [get_hw_devices xc7a35t_0] 0]
set_property PROBES.FILE {} [get_hw_devices xc7a35t_0]
set_property FULL_PROBES.FILE {} [get_hw_devices xc7a35t_0]
set_property PROGRAM.FILE {C:/Users/jakob/Desktop/P7---Bsc/Code/VHDL/ActiveTest/ActiveTest.runs/impl_1/sample_control_TOP.bit} [get_hw_devices xc7a35t_0]
program_hw_devices [get_hw_devices xc7a35t_0]
refresh_hw_device [lindex [get_hw_devices xc7a35t_0] 0]
set_property PROBES.FILE {} [get_hw_devices xc7a35t_0]
set_property FULL_PROBES.FILE {} [get_hw_devices xc7a35t_0]
set_property PROGRAM.FILE {C:/Users/jakob/Desktop/P7---Bsc/Code/VHDL/ActiveTest/ActiveTest.runs/impl_1/sample_control_TOP.bit} [get_hw_devices xc7a35t_0]
program_hw_devices [get_hw_devices xc7a35t_0]
refresh_hw_device [lindex [get_hw_devices xc7a35t_0] 0]
set_property PROBES.FILE {} [get_hw_devices xc7a35t_0]
set_property FULL_PROBES.FILE {} [get_hw_devices xc7a35t_0]
set_property PROGRAM.FILE {C:/Users/jakob/Desktop/P7---Bsc/Code/VHDL/ActiveTest/ActiveTest.runs/impl_1/sample_control_TOP.bit} [get_hw_devices xc7a35t_0]
program_hw_devices [get_hw_devices xc7a35t_0]
refresh_hw_device [lindex [get_hw_devices xc7a35t_0] 0]
set_property PROBES.FILE {} [get_hw_devices xc7a35t_0]
set_property FULL_PROBES.FILE {} [get_hw_devices xc7a35t_0]
set_property PROGRAM.FILE {C:/Users/jakob/Desktop/P7---Bsc/Code/VHDL/ActiveTest/ActiveTest.runs/impl_1/sample_control_TOP.bit} [get_hw_devices xc7a35t_0]
program_hw_devices [get_hw_devices xc7a35t_0]
refresh_hw_device [lindex [get_hw_devices xc7a35t_0] 0]
set_property PROBES.FILE {} [get_hw_devices xc7a35t_0]
set_property FULL_PROBES.FILE {} [get_hw_devices xc7a35t_0]
set_property PROGRAM.FILE {C:/Users/jakob/Desktop/P7---Bsc/Code/VHDL/ActiveTest/ActiveTest.runs/impl_1/sample_control_TOP.bit} [get_hw_devices xc7a35t_0]
program_hw_devices [get_hw_devices xc7a35t_0]
refresh_hw_device [lindex [get_hw_devices xc7a35t_0] 0]
reset_run synth_1
launch_runs impl_1 -to_step write_bitstream -jobs 4
wait_on_run impl_1
set_property PROBES.FILE {} [get_hw_devices xc7a35t_0]
set_property FULL_PROBES.FILE {} [get_hw_devices xc7a35t_0]
set_property PROGRAM.FILE {C:/Users/jakob/Desktop/P7---Bsc/Code/VHDL/ActiveTest/ActiveTest.runs/impl_1/sample_control_TOP.bit} [get_hw_devices xc7a35t_0]
program_hw_devices [get_hw_devices xc7a35t_0]
refresh_hw_device [lindex [get_hw_devices xc7a35t_0] 0]
set_property PROBES.FILE {} [get_hw_devices xc7a35t_0]
set_property FULL_PROBES.FILE {} [get_hw_devices xc7a35t_0]
set_property PROGRAM.FILE {C:/Users/jakob/Desktop/P7---Bsc/Code/VHDL/ActiveTest/ActiveTest.runs/impl_1/sample_control_TOP.bit} [get_hw_devices xc7a35t_0]
program_hw_devices [get_hw_devices xc7a35t_0]
refresh_hw_device [lindex [get_hw_devices xc7a35t_0] 0]
set_property PROBES.FILE {} [get_hw_devices xc7a35t_0]
set_property FULL_PROBES.FILE {} [get_hw_devices xc7a35t_0]
set_property PROGRAM.FILE {C:/Users/jakob/Desktop/P7---Bsc/Code/VHDL/ActiveTest/ActiveTest.runs/impl_1/sample_control_TOP.bit} [get_hw_devices xc7a35t_0]
program_hw_devices [get_hw_devices xc7a35t_0]
refresh_hw_device [lindex [get_hw_devices xc7a35t_0] 0]
set_property PROBES.FILE {} [get_hw_devices xc7a35t_0]
set_property FULL_PROBES.FILE {} [get_hw_devices xc7a35t_0]
set_property PROGRAM.FILE {C:/Users/jakob/Desktop/P7---Bsc/Code/VHDL/ActiveTest/ActiveTest.runs/impl_1/sample_control_TOP.bit} [get_hw_devices xc7a35t_0]
program_hw_devices [get_hw_devices xc7a35t_0]
refresh_hw_device [lindex [get_hw_devices xc7a35t_0] 0]
place_ports i_COMM_CLK N18
place_ports i_COMM_CLK A16
save_constraints -force
reset_run impl_1
launch_runs impl_1 -to_step write_bitstream -jobs 4
wait_on_run impl_1
set_property PROBES.FILE {} [get_hw_devices xc7a35t_0]
set_property FULL_PROBES.FILE {} [get_hw_devices xc7a35t_0]
set_property PROGRAM.FILE {C:/Users/jakob/Desktop/P7---Bsc/Code/VHDL/ActiveTest/ActiveTest.runs/impl_1/sample_control_TOP.bit} [get_hw_devices xc7a35t_0]
program_hw_devices [get_hw_devices xc7a35t_0]
refresh_hw_device [lindex [get_hw_devices xc7a35t_0] 0]
set_property PROBES.FILE {} [get_hw_devices xc7a35t_0]
set_property FULL_PROBES.FILE {} [get_hw_devices xc7a35t_0]
set_property PROGRAM.FILE {C:/Users/jakob/Desktop/P7---Bsc/Code/VHDL/ActiveTest/ActiveTest.runs/impl_1/sample_control_TOP.bit} [get_hw_devices xc7a35t_0]
program_hw_devices [get_hw_devices xc7a35t_0]
refresh_hw_device [lindex [get_hw_devices xc7a35t_0] 0]
set_property PROBES.FILE {} [get_hw_devices xc7a35t_0]
set_property FULL_PROBES.FILE {} [get_hw_devices xc7a35t_0]
set_property PROGRAM.FILE {C:/Users/jakob/Desktop/P7---Bsc/Code/VHDL/ActiveTest/ActiveTest.runs/impl_1/sample_control_TOP.bit} [get_hw_devices xc7a35t_0]
program_hw_devices [get_hw_devices xc7a35t_0]
refresh_hw_device [lindex [get_hw_devices xc7a35t_0] 0]
set_property PROBES.FILE {} [get_hw_devices xc7a35t_0]
set_property FULL_PROBES.FILE {} [get_hw_devices xc7a35t_0]
set_property PROGRAM.FILE {C:/Users/jakob/Desktop/P7---Bsc/Code/VHDL/ActiveTest/ActiveTest.runs/impl_1/sample_control_TOP.bit} [get_hw_devices xc7a35t_0]
program_hw_devices [get_hw_devices xc7a35t_0]
refresh_hw_device [lindex [get_hw_devices xc7a35t_0] 0]
set_property PROBES.FILE {} [get_hw_devices xc7a35t_0]
set_property FULL_PROBES.FILE {} [get_hw_devices xc7a35t_0]
set_property PROGRAM.FILE {C:/Users/jakob/Desktop/P7---Bsc/Code/VHDL/ActiveTest/ActiveTest.runs/impl_1/sample_control_TOP.bit} [get_hw_devices xc7a35t_0]
program_hw_devices [get_hw_devices xc7a35t_0]
refresh_hw_device [lindex [get_hw_devices xc7a35t_0] 0]
place_ports i_COMM_CLK U8
save_constraints -force
reset_run impl_1
launch_runs impl_1 -to_step write_bitstream -jobs 4
wait_on_run impl_1
set_property PROBES.FILE {} [get_hw_devices xc7a35t_0]
set_property FULL_PROBES.FILE {} [get_hw_devices xc7a35t_0]
set_property PROGRAM.FILE {C:/Users/jakob/Desktop/P7---Bsc/Code/VHDL/ActiveTest/ActiveTest.runs/impl_1/sample_control_TOP.bit} [get_hw_devices xc7a35t_0]
program_hw_devices [get_hw_devices xc7a35t_0]
refresh_hw_device [lindex [get_hw_devices xc7a35t_0] 0]
set_property PROBES.FILE {} [get_hw_devices xc7a35t_0]
set_property FULL_PROBES.FILE {} [get_hw_devices xc7a35t_0]
set_property PROGRAM.FILE {C:/Users/jakob/Desktop/P7---Bsc/Code/VHDL/ActiveTest/ActiveTest.runs/impl_1/sample_control_TOP.bit} [get_hw_devices xc7a35t_0]
program_hw_devices [get_hw_devices xc7a35t_0]
refresh_hw_device [lindex [get_hw_devices xc7a35t_0] 0]
set_property PROBES.FILE {} [get_hw_devices xc7a35t_0]
set_property FULL_PROBES.FILE {} [get_hw_devices xc7a35t_0]
set_property PROGRAM.FILE {C:/Users/jakob/Desktop/P7---Bsc/Code/VHDL/ActiveTest/ActiveTest.runs/impl_1/sample_control_TOP.bit} [get_hw_devices xc7a35t_0]
program_hw_devices [get_hw_devices xc7a35t_0]
refresh_hw_device [lindex [get_hw_devices xc7a35t_0] 0]
set_property PROBES.FILE {} [get_hw_devices xc7a35t_0]
set_property FULL_PROBES.FILE {} [get_hw_devices xc7a35t_0]
set_property PROGRAM.FILE {C:/Users/jakob/Desktop/P7---Bsc/Code/VHDL/ActiveTest/ActiveTest.runs/impl_1/sample_control_TOP.bit} [get_hw_devices xc7a35t_0]
program_hw_devices [get_hw_devices xc7a35t_0]
refresh_hw_device [lindex [get_hw_devices xc7a35t_0] 0]
set_property PROBES.FILE {} [get_hw_devices xc7a35t_0]
set_property FULL_PROBES.FILE {} [get_hw_devices xc7a35t_0]
set_property PROGRAM.FILE {C:/Users/jakob/Desktop/P7---Bsc/Code/VHDL/ActiveTest/ActiveTest.runs/impl_1/sample_control_TOP.bit} [get_hw_devices xc7a35t_0]
program_hw_devices [get_hw_devices xc7a35t_0]
refresh_hw_device [lindex [get_hw_devices xc7a35t_0] 0]
set_property PROBES.FILE {} [get_hw_devices xc7a35t_0]
set_property FULL_PROBES.FILE {} [get_hw_devices xc7a35t_0]
set_property PROGRAM.FILE {C:/Users/jakob/Desktop/P7---Bsc/Code/VHDL/ActiveTest/ActiveTest.runs/impl_1/sample_control_TOP.bit} [get_hw_devices xc7a35t_0]
program_hw_devices [get_hw_devices xc7a35t_0]
refresh_hw_device [lindex [get_hw_devices xc7a35t_0] 0]
set_property PROBES.FILE {} [get_hw_devices xc7a35t_0]
set_property FULL_PROBES.FILE {} [get_hw_devices xc7a35t_0]
set_property PROGRAM.FILE {C:/Users/jakob/Desktop/P7---Bsc/Code/VHDL/ActiveTest/ActiveTest.runs/impl_1/sample_control_TOP.bit} [get_hw_devices xc7a35t_0]
program_hw_devices [get_hw_devices xc7a35t_0]
refresh_hw_device [lindex [get_hw_devices xc7a35t_0] 0]
set_property PROBES.FILE {} [get_hw_devices xc7a35t_0]
set_property FULL_PROBES.FILE {} [get_hw_devices xc7a35t_0]
set_property PROGRAM.FILE {C:/Users/jakob/Desktop/P7---Bsc/Code/VHDL/ActiveTest/ActiveTest.runs/impl_1/sample_control_TOP.bit} [get_hw_devices xc7a35t_0]
program_hw_devices [get_hw_devices xc7a35t_0]
refresh_hw_device [lindex [get_hw_devices xc7a35t_0] 0]
set_property PROBES.FILE {} [get_hw_devices xc7a35t_0]
set_property FULL_PROBES.FILE {} [get_hw_devices xc7a35t_0]
set_property PROGRAM.FILE {C:/Users/jakob/Desktop/P7---Bsc/Code/VHDL/ActiveTest/ActiveTest.runs/impl_1/sample_control_TOP.bit} [get_hw_devices xc7a35t_0]
program_hw_devices [get_hw_devices xc7a35t_0]
refresh_hw_device [lindex [get_hw_devices xc7a35t_0] 0]
set_property PROBES.FILE {} [get_hw_devices xc7a35t_0]
set_property FULL_PROBES.FILE {} [get_hw_devices xc7a35t_0]
set_property PROGRAM.FILE {C:/Users/jakob/Desktop/P7---Bsc/Code/VHDL/ActiveTest/ActiveTest.runs/impl_1/sample_control_TOP.bit} [get_hw_devices xc7a35t_0]
program_hw_devices [get_hw_devices xc7a35t_0]
refresh_hw_device [lindex [get_hw_devices xc7a35t_0] 0]
set_property PROBES.FILE {} [get_hw_devices xc7a35t_0]
set_property FULL_PROBES.FILE {} [get_hw_devices xc7a35t_0]
set_property PROGRAM.FILE {C:/Users/jakob/Desktop/P7---Bsc/Code/VHDL/ActiveTest/ActiveTest.runs/impl_1/sample_control_TOP.bit} [get_hw_devices xc7a35t_0]
program_hw_devices [get_hw_devices xc7a35t_0]
refresh_hw_device [lindex [get_hw_devices xc7a35t_0] 0]
set_property PROBES.FILE {} [get_hw_devices xc7a35t_0]
set_property FULL_PROBES.FILE {} [get_hw_devices xc7a35t_0]
set_property PROGRAM.FILE {C:/Users/jakob/Desktop/P7---Bsc/Code/VHDL/ActiveTest/ActiveTest.runs/impl_1/sample_control_TOP.bit} [get_hw_devices xc7a35t_0]
program_hw_devices [get_hw_devices xc7a35t_0]
refresh_hw_device [lindex [get_hw_devices xc7a35t_0] 0]
set_property PROBES.FILE {} [get_hw_devices xc7a35t_0]
set_property FULL_PROBES.FILE {} [get_hw_devices xc7a35t_0]
set_property PROGRAM.FILE {C:/Users/jakob/Desktop/P7---Bsc/Code/VHDL/ActiveTest/ActiveTest.runs/impl_1/sample_control_TOP.bit} [get_hw_devices xc7a35t_0]
program_hw_devices [get_hw_devices xc7a35t_0]
refresh_hw_device [lindex [get_hw_devices xc7a35t_0] 0]
set_property PROBES.FILE {} [get_hw_devices xc7a35t_0]
set_property FULL_PROBES.FILE {} [get_hw_devices xc7a35t_0]
set_property PROGRAM.FILE {C:/Users/jakob/Desktop/P7---Bsc/Code/VHDL/ActiveTest/ActiveTest.runs/impl_1/sample_control_TOP.bit} [get_hw_devices xc7a35t_0]
program_hw_devices [get_hw_devices xc7a35t_0]
refresh_hw_device [lindex [get_hw_devices xc7a35t_0] 0]
