#-----------------------------------------------------------
# Vivado v2024.1 (64-bit)
# SW Build 5076996 on Wed May 22 18:37:14 MDT 2024
# IP Build 5075265 on Wed May 22 21:45:21 MDT 2024
# SharedData Build 5076995 on Wed May 22 18:29:18 MDT 2024
# Start of session at: Thu Oct 24 00:03:16 2024
# Process ID: 11164
# Current directory: C:/Users/jakob/Desktop/P7---Bsc/Code/VHDL/SampleControlTest
# Command line: vivado.exe -gui_launcher_event rodinguilauncherevent10256 C:\Users\jakob\Desktop\P7---Bsc\Code\VHDL\SampleControlTest\SampleControlTest.xpr
# Log file: C:/Users/jakob/Desktop/P7---Bsc/Code/VHDL/SampleControlTest/vivado.log
# Journal file: C:/Users/jakob/Desktop/P7---Bsc/Code/VHDL/SampleControlTest\vivado.jou
# Running On        :DESKTOP-26ONRPF
# Platform          :Windows Server 2016 or Windows 10
# Operating System  :19045
# Processor Detail  :Intel(R) Core(TM) i5-7300HQ CPU @ 2.50GHz
# CPU Frequency     :2496 MHz
# CPU Physical cores:4
# CPU Logical cores :4
# Host memory       :8469 MB
# Swap memory       :4831 MB
# Total Virtual     :13301 MB
# Available Virtual :7175 MB
#-----------------------------------------------------------
start_gui
open_project C:/Users/jakob/Desktop/P7---Bsc/Code/VHDL/SampleControlTest/SampleControlTest.xpr
update_compile_order -fileset sources_1
reset_run synth_1
launch_runs synth_1 -jobs 4
wait_on_run synth_1
open_run synth_1 -name synth_1
launch_runs impl_1 -jobs 4
wait_on_run impl_1
launch_runs impl_1 -to_step write_bitstream -jobs 4
wait_on_run impl_1
open_hw_manager
connect_hw_server -allow_non_jtag
open_hw_target
set_property PROGRAM.FILE {C:/Users/jakob/Desktop/P7---Bsc/Code/VHDL/SampleControlTest/SampleControlTest.runs/impl_1/MASTER_FILE.bit} [get_hw_devices xc7a35t_0]
current_hw_device [get_hw_devices xc7a35t_0]
refresh_hw_device -update_hw_probes false [lindex [get_hw_devices xc7a35t_0] 0]
set_property PROBES.FILE {} [get_hw_devices xc7a35t_0]
set_property FULL_PROBES.FILE {} [get_hw_devices xc7a35t_0]
set_property PROGRAM.FILE {C:/Users/jakob/Desktop/P7---Bsc/Code/VHDL/SampleControlTest/SampleControlTest.runs/impl_1/MASTER_FILE.bit} [get_hw_devices xc7a35t_0]
program_hw_devices [get_hw_devices xc7a35t_0]
refresh_hw_device [lindex [get_hw_devices xc7a35t_0] 0]
set_property PROBES.FILE {} [get_hw_devices xc7a35t_0]
set_property FULL_PROBES.FILE {} [get_hw_devices xc7a35t_0]
set_property PROGRAM.FILE {C:/Users/jakob/Desktop/P7---Bsc/Code/VHDL/SampleControlTest/SampleControlTest.runs/impl_1/MASTER_FILE.bit} [get_hw_devices xc7a35t_0]
program_hw_devices [get_hw_devices xc7a35t_0]
refresh_hw_device [lindex [get_hw_devices xc7a35t_0] 0]
set_property PROBES.FILE {} [get_hw_devices xc7a35t_0]
set_property FULL_PROBES.FILE {} [get_hw_devices xc7a35t_0]
set_property PROGRAM.FILE {C:/Users/jakob/Desktop/P7---Bsc/Code/VHDL/SampleControlTest/SampleControlTest.runs/impl_1/MASTER_FILE.bit} [get_hw_devices xc7a35t_0]
program_hw_devices [get_hw_devices xc7a35t_0]
refresh_hw_device [lindex [get_hw_devices xc7a35t_0] 0]
set_property PROBES.FILE {} [get_hw_devices xc7a35t_0]
set_property FULL_PROBES.FILE {} [get_hw_devices xc7a35t_0]
set_property PROGRAM.FILE {C:/Users/jakob/Desktop/P7---Bsc/Code/VHDL/SampleControlTest/SampleControlTest.runs/impl_1/MASTER_FILE.bit} [get_hw_devices xc7a35t_0]
program_hw_devices [get_hw_devices xc7a35t_0]
refresh_hw_device [lindex [get_hw_devices xc7a35t_0] 0]
set_property PROBES.FILE {} [get_hw_devices xc7a35t_0]
set_property FULL_PROBES.FILE {} [get_hw_devices xc7a35t_0]
set_property PROGRAM.FILE {C:/Users/jakob/Desktop/P7---Bsc/Code/VHDL/SampleControlTest/SampleControlTest.runs/impl_1/MASTER_FILE.bit} [get_hw_devices xc7a35t_0]
program_hw_devices [get_hw_devices xc7a35t_0]
refresh_hw_device [lindex [get_hw_devices xc7a35t_0] 0]
set_property PROBES.FILE {} [get_hw_devices xc7a35t_0]
set_property FULL_PROBES.FILE {} [get_hw_devices xc7a35t_0]
set_property PROGRAM.FILE {C:/Users/jakob/Desktop/P7---Bsc/Code/VHDL/SampleControlTest/SampleControlTest.runs/impl_1/MASTER_FILE.bit} [get_hw_devices xc7a35t_0]
program_hw_devices [get_hw_devices xc7a35t_0]
refresh_hw_device [lindex [get_hw_devices xc7a35t_0] 0]
set_property PROBES.FILE {} [get_hw_devices xc7a35t_0]
set_property FULL_PROBES.FILE {} [get_hw_devices xc7a35t_0]
set_property PROGRAM.FILE {C:/Users/jakob/Desktop/P7---Bsc/Code/VHDL/SampleControlTest/SampleControlTest.runs/impl_1/MASTER_FILE.bit} [get_hw_devices xc7a35t_0]
program_hw_devices [get_hw_devices xc7a35t_0]
refresh_hw_device [lindex [get_hw_devices xc7a35t_0] 0]
set_property PROBES.FILE {} [get_hw_devices xc7a35t_0]
set_property FULL_PROBES.FILE {} [get_hw_devices xc7a35t_0]
set_property PROGRAM.FILE {C:/Users/jakob/Desktop/P7---Bsc/Code/VHDL/SampleControlTest/SampleControlTest.runs/impl_1/MASTER_FILE.bit} [get_hw_devices xc7a35t_0]
program_hw_devices [get_hw_devices xc7a35t_0]
refresh_hw_device [lindex [get_hw_devices xc7a35t_0] 0]
update_compile_order -fileset sources_1
reset_run synth_1
launch_runs synth_1 -jobs 4
wait_on_run synth_1
close_design
open_run synth_1 -name synth_1
refresh_design
reset_run synth_1
launch_runs synth_1 -jobs 4
wait_on_run synth_1
close_design
open_run synth_1 -name synth_1
set_property IOSTANDARD LVCMOS33 [get_ports [list {Ext_Mem_Addr_ext[18]} {Ext_Mem_Addr_ext[17]} {Ext_Mem_Addr_ext[16]} {Ext_Mem_Addr_ext[15]} {Ext_Mem_Addr_ext[14]} {Ext_Mem_Addr_ext[13]} {Ext_Mem_Addr_ext[12]} {Ext_Mem_Addr_ext[11]} {Ext_Mem_Addr_ext[10]} {Ext_Mem_Addr_ext[9]} {Ext_Mem_Addr_ext[8]} {Ext_Mem_Addr_ext[7]} {Ext_Mem_Addr_ext[6]} {Ext_Mem_Addr_ext[5]} {Ext_Mem_Addr_ext[4]} {Ext_Mem_Addr_ext[3]} {Ext_Mem_Addr_ext[2]} {Ext_Mem_Addr_ext[1]} {Ext_Mem_Addr_ext[0]}]]
set_property OFFCHIP_TERM NONE [get_ports [list {Ext_Mem_Addr_ext[18]} {Ext_Mem_Addr_ext[17]} {Ext_Mem_Addr_ext[16]} {Ext_Mem_Addr_ext[15]} {Ext_Mem_Addr_ext[14]} {Ext_Mem_Addr_ext[13]} {Ext_Mem_Addr_ext[12]} {Ext_Mem_Addr_ext[11]} {Ext_Mem_Addr_ext[10]} {Ext_Mem_Addr_ext[9]} {Ext_Mem_Addr_ext[8]} {Ext_Mem_Addr_ext[7]} {Ext_Mem_Addr_ext[6]} {Ext_Mem_Addr_ext[5]} {Ext_Mem_Addr_ext[4]} {Ext_Mem_Addr_ext[3]} {Ext_Mem_Addr_ext[2]} {Ext_Mem_Addr_ext[1]} {Ext_Mem_Addr_ext[0]}]]
place_ports {Ext_Mem_Addr_ext[18]} V15
place_ports {Ext_Mem_Addr_ext[17]} W17
place_ports {Ext_Mem_Addr_ext[16]} W16
place_ports {Ext_Mem_Addr_ext[15]} V16
place_ports {Ext_Mem_Addr_ext[14]} U18
place_ports {Ext_Mem_Addr_ext[13]} U17
place_ports {Ext_Mem_Addr_ext[12]} T18
place_ports {Ext_Mem_Addr_ext[11]} T17
place_ports {Ext_Mem_Addr_ext[10]} W18
place_ports {Ext_Mem_Addr_ext[9]} V19
place_ports {Ext_Mem_Addr_ext[8]} U19
place_ports {Ext_Mem_Addr_ext[7]} W19
place_ports {Ext_Mem_Addr_ext[6]} R18
place_ports {Ext_Mem_Addr_ext[5]} P18
place_ports {Ext_Mem_Addr_ext[4]} P17
place_ports {Ext_Mem_Addr_ext[3]} N17
place_ports {Ext_Mem_Addr_ext[2]} K17
place_ports {Ext_Mem_Addr_ext[1]} M19
place_ports {Ext_Mem_Addr_ext[0]} M18
set_property IOSTANDARD LVCMOS33 [get_ports [list {Ext_Mem_IO_ext[7]} {Ext_Mem_IO_ext[6]} {Ext_Mem_IO_ext[5]} {Ext_Mem_IO_ext[4]} {Ext_Mem_IO_ext[3]} {Ext_Mem_IO_ext[2]} {Ext_Mem_IO_ext[1]} {Ext_Mem_IO_ext[0]}]]
set_property OFFCHIP_TERM NONE [get_ports [list {Ext_Mem_IO_ext[7]} {Ext_Mem_IO_ext[6]} {Ext_Mem_IO_ext[5]} {Ext_Mem_IO_ext[4]} {Ext_Mem_IO_ext[3]} {Ext_Mem_IO_ext[2]} {Ext_Mem_IO_ext[1]} {Ext_Mem_IO_ext[0]}]]
place_ports {Ext_Mem_IO_ext[7]} U14
place_ports {Ext_Mem_IO_ext[6]} V14
place_ports {Ext_Mem_IO_ext[5]} V13
place_ports {Ext_Mem_IO_ext[4]} U16
place_ports {Ext_Mem_IO_ext[3]} A18
place_ports {Ext_Mem_IO_ext[3]} U15
place_ports {Ext_Mem_IO_ext[2]} W14
place_ports {Ext_Mem_IO_ext[1]} W13
place_ports {Ext_Mem_IO_ext[0]} W15
place_ports Ext_Mem_nCE_ext N19
place_ports Ext_Mem_nOE_ext P19
place_ports Ext_Mem_nWE_ext R19
set_property IOSTANDARD LVCMOS33 [get_ports [list Ext_Mem_nCE_ext]]
set_property IOSTANDARD LVCMOS33 [get_ports [list Ext_Mem_nOE_ext]]
set_property IOSTANDARD LVCMOS33 [get_ports [list Ext_Mem_nWE_ext]]
set_property OFFCHIP_TERM NONE [get_ports [list Ext_Mem_nCE_ext]]
set_property OFFCHIP_TERM NONE [get_ports [list Ext_Mem_nOE_ext]]
set_property OFFCHIP_TERM NONE [get_ports [list Ext_Mem_nWE_ext]]
set_property IOSTANDARD LVCMOS33 [get_ports [list {Ext_ADC_HIBYTE_TO_IV_SAVER[3]} {Ext_ADC_HIBYTE_TO_IV_SAVER[2]} {Ext_ADC_HIBYTE_TO_IV_SAVER[1]} {Ext_ADC_HIBYTE_TO_IV_SAVER[0]}]]
set_property IOSTANDARD LVCMOS33 [get_ports [list {Ext_ADC_HIBYTE_TO_IV_SAVER[3]} {Ext_ADC_HIBYTE_TO_IV_SAVER[2]} {Ext_ADC_HIBYTE_TO_IV_SAVER[1]} {Ext_ADC_HIBYTE_TO_IV_SAVER[0]}]]
set_property IOSTANDARD LVCMOS33 [get_ports [list {Ext_DATA_TO_INT_MEM[11]} {Ext_DATA_TO_INT_MEM[10]} {Ext_DATA_TO_INT_MEM[9]} {Ext_DATA_TO_INT_MEM[8]} {Ext_DATA_TO_INT_MEM[7]} {Ext_DATA_TO_INT_MEM[6]} {Ext_DATA_TO_INT_MEM[5]} {Ext_DATA_TO_INT_MEM[4]} {Ext_DATA_TO_INT_MEM[3]} {Ext_DATA_TO_INT_MEM[2]} {Ext_DATA_TO_INT_MEM[1]} {Ext_DATA_TO_INT_MEM[0]}]]
set_property OFFCHIP_TERM NONE [get_ports [list {Ext_DATA_TO_INT_MEM[11]} {Ext_DATA_TO_INT_MEM[10]} {Ext_DATA_TO_INT_MEM[9]} {Ext_DATA_TO_INT_MEM[8]} {Ext_DATA_TO_INT_MEM[7]} {Ext_DATA_TO_INT_MEM[6]} {Ext_DATA_TO_INT_MEM[5]} {Ext_DATA_TO_INT_MEM[4]} {Ext_DATA_TO_INT_MEM[3]} {Ext_DATA_TO_INT_MEM[2]} {Ext_DATA_TO_INT_MEM[1]} {Ext_DATA_TO_INT_MEM[0]}]]
place_ports {Ext_DATA_TO_INT_MEM[11]} V8
place_ports {Ext_DATA_TO_INT_MEM[10]} U8
place_ports {Ext_DATA_TO_INT_MEM[9]} W7
place_ports {Ext_DATA_TO_INT_MEM[8]} U7
place_ports {Ext_DATA_TO_INT_MEM[7]} U3
place_ports {Ext_DATA_TO_INT_MEM[6]} W6
place_ports {Ext_DATA_TO_INT_MEM[5]} U2
set_property package_pin "" [get_ports [list  {Ext_DATA_TO_INT_MEM[7]}]]
set_property package_pin "" [get_ports [list  {Ext_DATA_TO_INT_MEM[6]}]]
set_property package_pin "" [get_ports [list  {Ext_DATA_TO_INT_MEM[5]}]]
place_ports {Ext_DATA_TO_INT_MEM[7]} U5
place_ports {Ext_DATA_TO_INT_MEM[6]} W4
place_ports {Ext_DATA_TO_INT_MEM[5]} V5
place_ports {Ext_DATA_TO_INT_MEM[4]} U4
place_ports {Ext_DATA_TO_INT_MEM[3]} V4
place_ports {Ext_DATA_TO_INT_MEM[2]} W5
place_ports {Ext_DATA_TO_INT_MEM[1]} V3
place_ports {Ext_DATA_TO_INT_MEM[0]} W3
set_property IOSTANDARD LVCMOS33 [get_ports [list {Ext_ADDR_FROM_INT_MEM[4]} {Ext_ADDR_FROM_INT_MEM[3]} {Ext_ADDR_FROM_INT_MEM[2]} {Ext_ADDR_FROM_INT_MEM[1]} {Ext_ADDR_FROM_INT_MEM[0]}]]
place_ports {Ext_ADDR_FROM_INT_MEM[4]} M3
place_ports {Ext_ADDR_FROM_INT_MEM[3]} L3
place_ports {Ext_ADDR_FROM_INT_MEM[2]} A16
place_ports {Ext_ADDR_FROM_INT_MEM[1]} K3
place_ports {Ext_ADDR_FROM_INT_MEM[0]} C15
set_property IOSTANDARD LVCMOS33 [get_ports [list {Ext_ADC_LOBYTE_TO_IV_SAVER[3]} {Ext_ADC_LOBYTE_TO_IV_SAVER[2]} {Ext_ADC_LOBYTE_TO_IV_SAVER[1]} {Ext_ADC_LOBYTE_TO_IV_SAVER[0]}]]
place_ports {Ext_ADC_LOBYTE_TO_IV_SAVER[3]} M2
place_ports {Ext_ADC_LOBYTE_TO_IV_SAVER[2]} N1
place_ports {Ext_ADC_LOBYTE_TO_IV_SAVER[1]} N2
place_ports {Ext_ADC_LOBYTE_TO_IV_SAVER[0]} P1
set_property package_pin "" [get_ports [list  {Ext_ADC_HIBYTE_TO_IV_SAVER[3]}]]
place_ports {Ext_ADC_HIBYTE_TO_IV_SAVER[3]} A15
place_ports {Ext_ADC_HIBYTE_TO_IV_SAVER[2]} B15
place_ports {Ext_ADC_HIBYTE_TO_IV_SAVER[1]} A14
place_ports {Ext_ADC_HIBYTE_TO_IV_SAVER[0]} J3
set_property IOSTANDARD LVCMOS33 [get_ports [list {Ext_STATE_OUT[2]} {Ext_STATE_OUT[1]} {Ext_STATE_OUT[0]}]]
set_property OFFCHIP_TERM NONE [get_ports [list {Ext_STATE_OUT[2]} {Ext_STATE_OUT[1]} {Ext_STATE_OUT[0]}]]
place_ports {Ext_STATE_OUT[2]} K2
place_ports {Ext_STATE_OUT[1]} L1
place_ports {Ext_STATE_OUT[0]} L2
place_ports Ext_CLK_IN L17
set_property IOSTANDARD LVCMOS33 [get_ports [list Ext_CLK_IN]]
place_ports Ext_DnB H1
set_property IOSTANDARD LVCMOS33 [get_ports [list Ext_DnB]]
place_ports Ext_PULSE_OUT R3
set_property IOSTANDARD LVCMOS33 [get_ports [list Ext_PULSE_OUT]]
set_property OFFCHIP_TERM NONE [get_ports [list Ext_PULSE_OUT]]
place_ports Ext_MANUAL_STEP L18
set_property IOSTANDARD LVCMOS33 [get_ports [list Ext_MANUAL_STEP]]
place_ports Ext_ADC_RDY N18
set_property IOSTANDARD LVCMOS33 [get_ports [list Ext_ADC_RDY]]
place_ports Ext_CLK_FROM_INT_MEM U2
set_property IOSTANDARD LVCMOS33 [get_ports [list Ext_CLK_FROM_INT_MEM]]
save_constraints
launch_runs impl_1 -jobs 4
wait_on_run impl_1
refresh_design
reset_run synth_1
launch_runs impl_1 -jobs 4
wait_on_run impl_1
close_design
open_run impl_1
launch_runs impl_1 -to_step write_bitstream -jobs 4
wait_on_run impl_1
set_property PROBES.FILE {} [get_hw_devices xc7a35t_0]
set_property FULL_PROBES.FILE {} [get_hw_devices xc7a35t_0]
set_property PROGRAM.FILE {C:/Users/jakob/Desktop/P7---Bsc/Code/VHDL/SampleControlTest/SampleControlTest.runs/impl_1/MASTER_FILE.bit} [get_hw_devices xc7a35t_0]
program_hw_devices [get_hw_devices xc7a35t_0]
refresh_hw_device [lindex [get_hw_devices xc7a35t_0] 0]
set_property PROBES.FILE {} [get_hw_devices xc7a35t_0]
set_property FULL_PROBES.FILE {} [get_hw_devices xc7a35t_0]
set_property PROGRAM.FILE {C:/Users/jakob/Desktop/P7---Bsc/Code/VHDL/SampleControlTest/SampleControlTest.runs/impl_1/MASTER_FILE.bit} [get_hw_devices xc7a35t_0]
program_hw_devices [get_hw_devices xc7a35t_0]
refresh_hw_device [lindex [get_hw_devices xc7a35t_0] 0]
set_property PROBES.FILE {} [get_hw_devices xc7a35t_0]
set_property FULL_PROBES.FILE {} [get_hw_devices xc7a35t_0]
set_property PROGRAM.FILE {C:/Users/jakob/Desktop/P7---Bsc/Code/VHDL/SampleControlTest/SampleControlTest.runs/impl_1/MASTER_FILE.bit} [get_hw_devices xc7a35t_0]
program_hw_devices [get_hw_devices xc7a35t_0]
refresh_hw_device [lindex [get_hw_devices xc7a35t_0] 0]
open_run synth_1 -name synth_1
set_property PROBES.FILE {} [get_hw_devices xc7a35t_0]
set_property FULL_PROBES.FILE {} [get_hw_devices xc7a35t_0]
set_property PROGRAM.FILE {C:/Users/jakob/Desktop/P7---Bsc/Code/VHDL/SampleControlTest/SampleControlTest.runs/impl_1/MASTER_FILE.bit} [get_hw_devices xc7a35t_0]
program_hw_devices [get_hw_devices xc7a35t_0]
refresh_hw_device [lindex [get_hw_devices xc7a35t_0] 0]
set_property OFFCHIP_TERM NONE [get_ports [list {Ext_ADC_HIBYTE_TO_IV_SAVER[3]} {Ext_ADC_HIBYTE_TO_IV_SAVER[2]} {Ext_ADC_HIBYTE_TO_IV_SAVER[1]} {Ext_ADC_HIBYTE_TO_IV_SAVER[0]}]]
set_property OFFCHIP_TERM NONE [get_ports [list {Ext_ADC_HIBYTE_TO_IV_SAVER[3]} {Ext_ADC_HIBYTE_TO_IV_SAVER[2]} {Ext_ADC_HIBYTE_TO_IV_SAVER[1]} {Ext_ADC_HIBYTE_TO_IV_SAVER[0]}]]
set_property PULLTYPE PULLUP [get_ports [list {Ext_ADC_HIBYTE_TO_IV_SAVER[3]} {Ext_ADC_HIBYTE_TO_IV_SAVER[2]} {Ext_ADC_HIBYTE_TO_IV_SAVER[1]} {Ext_ADC_HIBYTE_TO_IV_SAVER[0]}]]
set_property PULLTYPE PULLUP [get_ports [list {Ext_ADC_LOBYTE_TO_IV_SAVER[3]} {Ext_ADC_LOBYTE_TO_IV_SAVER[2]} {Ext_ADC_LOBYTE_TO_IV_SAVER[1]} {Ext_ADC_LOBYTE_TO_IV_SAVER[0]}]]
set_property PULLTYPE PULLUP [get_ports [list {Ext_ADDR_FROM_INT_MEM[4]} {Ext_ADDR_FROM_INT_MEM[3]} {Ext_ADDR_FROM_INT_MEM[2]} {Ext_ADDR_FROM_INT_MEM[1]} {Ext_ADDR_FROM_INT_MEM[0]}]]
set_property OFFCHIP_TERM NONE [get_ports [list Ext_DnB]]
set_property PULLTYPE PULLUP [get_ports [list Ext_DnB]]
save_constraints
reset_run impl_1
launch_runs impl_1 -to_step write_bitstream -jobs 4
wait_on_run impl_1
set_property PROBES.FILE {} [get_hw_devices xc7a35t_0]
set_property FULL_PROBES.FILE {} [get_hw_devices xc7a35t_0]
set_property PROGRAM.FILE {C:/Users/jakob/Desktop/P7---Bsc/Code/VHDL/SampleControlTest/SampleControlTest.runs/impl_1/MASTER_FILE.bit} [get_hw_devices xc7a35t_0]
program_hw_devices [get_hw_devices xc7a35t_0]
refresh_hw_device [lindex [get_hw_devices xc7a35t_0] 0]
set_property PROBES.FILE {} [get_hw_devices xc7a35t_0]
set_property FULL_PROBES.FILE {} [get_hw_devices xc7a35t_0]
set_property PROGRAM.FILE {C:/Users/jakob/Desktop/P7---Bsc/Code/VHDL/SampleControlTest/SampleControlTest.runs/impl_1/MASTER_FILE.bit} [get_hw_devices xc7a35t_0]
program_hw_devices [get_hw_devices xc7a35t_0]
refresh_hw_device [lindex [get_hw_devices xc7a35t_0] 0]
current_design impl_1
reset_run synth_1
launch_runs synth_1 -jobs 4
wait_on_run synth_1
current_design synth_1
close_design
open_run synth_1 -name synth_1
place_ports Ext_MEM_DIST_RnW_OUT T3
set_property IOSTANDARD LVCMOS33 [get_ports [list Ext_MEM_DIST_RnW_OUT]]
set_property OFFCHIP_TERM NONE [get_ports [list Ext_MEM_DIST_RnW_OUT]]
place_ports Ext_RnW_TO_MEM_DIST R2
set_property IOSTANDARD LVCMOS33 [get_ports [list Ext_RnW_TO_MEM_DIST]]
set_property OFFCHIP_TERM NONE [get_ports [list Ext_RnW_TO_MEM_DIST]]
save_constraints
launch_runs impl_1 -to_step write_bitstream -jobs 4
wait_on_run impl_1
set_property PROBES.FILE {} [get_hw_devices xc7a35t_0]
set_property FULL_PROBES.FILE {} [get_hw_devices xc7a35t_0]
set_property PROGRAM.FILE {C:/Users/jakob/Desktop/P7---Bsc/Code/VHDL/SampleControlTest/SampleControlTest.runs/impl_1/MASTER_FILE.bit} [get_hw_devices xc7a35t_0]
program_hw_devices [get_hw_devices xc7a35t_0]
refresh_hw_device [lindex [get_hw_devices xc7a35t_0] 0]
reset_run synth_1
launch_runs synth_1 -jobs 4
wait_on_run synth_1
launch_runs impl_1 -jobs 4
wait_on_run impl_1
launch_runs impl_1 -to_step write_bitstream -jobs 4
wait_on_run impl_1
set_property PROBES.FILE {} [get_hw_devices xc7a35t_0]
set_property FULL_PROBES.FILE {} [get_hw_devices xc7a35t_0]
set_property PROGRAM.FILE {C:/Users/jakob/Desktop/P7---Bsc/Code/VHDL/SampleControlTest/SampleControlTest.runs/impl_1/MASTER_FILE.bit} [get_hw_devices xc7a35t_0]
program_hw_devices [get_hw_devices xc7a35t_0]
refresh_hw_device [lindex [get_hw_devices xc7a35t_0] 0]
set_property PROBES.FILE {} [get_hw_devices xc7a35t_0]
set_property FULL_PROBES.FILE {} [get_hw_devices xc7a35t_0]
set_property PROGRAM.FILE {C:/Users/jakob/Desktop/P7---Bsc/Code/VHDL/SampleControlTest/SampleControlTest.runs/impl_1/MASTER_FILE.bit} [get_hw_devices xc7a35t_0]
program_hw_devices [get_hw_devices xc7a35t_0]
refresh_hw_device [lindex [get_hw_devices xc7a35t_0] 0]
set_property PROBES.FILE {} [get_hw_devices xc7a35t_0]
set_property FULL_PROBES.FILE {} [get_hw_devices xc7a35t_0]
set_property PROGRAM.FILE {C:/Users/jakob/Desktop/P7---Bsc/Code/VHDL/SampleControlTest/SampleControlTest.runs/impl_1/MASTER_FILE.bit} [get_hw_devices xc7a35t_0]
program_hw_devices [get_hw_devices xc7a35t_0]
refresh_hw_device [lindex [get_hw_devices xc7a35t_0] 0]
reset_run synth_1
launch_runs synth_1 -jobs 4
wait_on_run synth_1
close_design
open_run synth_1 -name synth_1
refresh_design
reset_run synth_1
launch_runs impl_1 -jobs 4
wait_on_run impl_1
launch_runs impl_1 -to_step write_bitstream -jobs 4
wait_on_run impl_1
set_property PROBES.FILE {} [get_hw_devices xc7a35t_0]
set_property FULL_PROBES.FILE {} [get_hw_devices xc7a35t_0]
set_property PROGRAM.FILE {C:/Users/jakob/Desktop/P7---Bsc/Code/VHDL/SampleControlTest/SampleControlTest.runs/impl_1/MASTER_FILE.bit} [get_hw_devices xc7a35t_0]
program_hw_devices [get_hw_devices xc7a35t_0]
refresh_hw_device [lindex [get_hw_devices xc7a35t_0] 0]
set_property PROBES.FILE {} [get_hw_devices xc7a35t_0]
set_property FULL_PROBES.FILE {} [get_hw_devices xc7a35t_0]
set_property PROGRAM.FILE {C:/Users/jakob/Desktop/P7---Bsc/Code/VHDL/SampleControlTest/SampleControlTest.runs/impl_1/MASTER_FILE.bit} [get_hw_devices xc7a35t_0]
program_hw_devices [get_hw_devices xc7a35t_0]
refresh_hw_device [lindex [get_hw_devices xc7a35t_0] 0]
