#-----------------------------------------------------------
# Vivado v2024.1 (64-bit)
# SW Build 5076996 on Wed May 22 18:37:14 MDT 2024
# IP Build 5075265 on Wed May 22 21:45:21 MDT 2024
# SharedData Build 5076995 on Wed May 22 18:29:18 MDT 2024
# Start of session at: Wed Nov  6 18:22:14 2024
# Process ID: 16948
# Current directory: C:/Users/jakob/Desktop/P7---Bsc/Code/VHDL/SingleFileSimEnvironment
# Command line: vivado.exe -gui_launcher_event rodinguilauncherevent9080 C:\Users\jakob\Desktop\P7---Bsc\Code\VHDL\SingleFileSimEnvironment\SingleFileSimEnvironment.xpr
# Log file: C:/Users/jakob/Desktop/P7---Bsc/Code/VHDL/SingleFileSimEnvironment/vivado.log
# Journal file: C:/Users/jakob/Desktop/P7---Bsc/Code/VHDL/SingleFileSimEnvironment\vivado.jou
# Running On        :DESKTOP-S99FO1K
# Platform          :Windows Server 2016 or Windows 10
# Operating System  :19045
# Processor Detail  :12th Gen Intel(R) Core(TM) i5-12400F
# CPU Frequency     :2496 MHz
# CPU Physical cores:6
# CPU Logical cores :12
# Host memory       :34182 MB
# Swap memory       :5100 MB
# Total Virtual     :39282 MB
# Available Virtual :29115 MB
#-----------------------------------------------------------
start_gui
open_project C:/Users/jakob/Desktop/P7---Bsc/Code/VHDL/SingleFileSimEnvironment/SingleFileSimEnvironment.xpr
update_compile_order -fileset sources_1
update_compile_order -fileset sources_1
update_compile_order -fileset sources_1
launch_simulation
source IV_SAMPLE_CTRL.tcl
restart
run 100 ns
add_force {/IV_SAMPLE_CTRL/i_RnW} -radix hex {1 0ns}
add_force {/IV_SAMPLE_CTRL/i_TORAM} -radix hex {1 0ns}
run 100 ns
add_force {/IV_SAMPLE_CTRL/i_CLK} -radix hex {1 0ns}
run 100 ns
restart
run 100 ns
restart
add_force {/IV_SAMPLE_CTRL/i_RnW} -radix hex {0 0ns}
run 100 ns
add_force {/IV_SAMPLE_CTRL/i_TORAM} -radix hex {1 0ns}
run 100 ns
add_force {/IV_SAMPLE_CTRL/i_CLK} -radix hex {1 0ns}
run 100 ns
add_force {/IV_SAMPLE_CTRL/i_CLK} -radix hex {0 0ns}
run 100 ns
add_force {/IV_SAMPLE_CTRL/i_TORAM} -radix hex {AA 0ns}
run 100 ns
add_force {/IV_SAMPLE_CTRL/i_CLK} -radix hex {1 0ns}
run 100 ns
restart
close_sim
launch_simulation
source IV_SAMPLE_CTRL.tcl
restart
add_force {/IV_SAMPLE_CTRL/i_TORAM} -radix hex {1 0ns}
run 100 ns
add_force {/IV_SAMPLE_CTRL/i_CLK} -radix hex {1 0ns}
run 100 ns
add_force {/IV_SAMPLE_CTRL/i_CLK} -radix hex {0 0ns}
add_force {/IV_SAMPLE_CTRL/i_TORAM} -radix hex {AA 0ns}
run 100 ns
add_force {/IV_SAMPLE_CTRL/i_CLK} -radix hex {1 0ns}
run 100 ns
add_force {/IV_SAMPLE_CTRL/i_TORAM} -radix hex {1 0ns}
run 100 ns
add_force {/IV_SAMPLE_CTRL/i_CLK} -radix hex {0 0ns}
run 100 ns
add_force {/IV_SAMPLE_CTRL/i_CLK} -radix hex {1 0ns}
run 100 ns
add_force {/IV_SAMPLE_CTRL/i_RnW} -radix hex {1 0ns}
add_force {/IV_SAMPLE_CTRL/i_CLK} -radix hex {0 0ns}
run 100 ns
add_force {/IV_SAMPLE_CTRL/i_CLK} -radix hex {1 0ns}
run 100 ns
add_force {/IV_SAMPLE_CTRL/i_RnW} -radix hex {0 0ns}
add_force {/IV_SAMPLE_CTRL/i_CLK} -radix hex {0 0ns}
run 100 ns
add_force {/IV_SAMPLE_CTRL/i_TORAM} -radix hex {19 0ns}
add_force {/IV_SAMPLE_CTRL/i_CLK} -radix hex {1 0ns}
run 100 ns
add_force {/IV_SAMPLE_CTRL/i_CLK} -radix hex {0 0ns}
add_force {/IV_SAMPLE_CTRL/i_RnW} -radix hex {1 0ns}
run 100 ns
add_force {/IV_SAMPLE_CTRL/i_CLK} -radix hex {1 0ns}
run 100 ns
add_force {/IV_SAMPLE_CTRL/i_DATA_FROM_IVSA} -radix hex {BB 0ns}
run 100 ns
close_sim
launch_simulation
source IV_SAMPLE_CTRL.tcl
restart
add_force {/IV_SAMPLE_CTRL/i_TORAM} -radix hex {AA 0ns}
run 100 ns
add_force {/IV_SAMPLE_CTRL/i_CLK} -radix hex {0 0ns} {1 150000ps} -repeat_every 300000ps
run 100 ns
run 100 ns
close_sim
launch_simulation
source IV_SAMPLE_CTRL.tcl
restart
add_force {/IV_SAMPLE_CTRL/i_CLK} -radix hex {0 0ns} {1 150000ps} -repeat_every 300000ps
run 100 ns
add_force {/IV_SAMPLE_CTRL/i_FSM_RESET} -radix hex {AA 0ns}
add_force {/IV_SAMPLE_CTRL/i_TORAM} -radix hex {AA 0ns}
run 100 ns
add_force {/IV_SAMPLE_CTRL/i_RnW} -radix hex {1 0ns}
run 100 ns
run 100 ns
run 100 ns
run 100 ns
run 100 ns
run 100 ns
run 100 ns
run 100 ns
run 100 ns
restart
run 100 ns
run 100 ns
run 100 ns
run 100 ns
run 100 ns
run 100 ns
close_sim
launch_simulation
source IV_SAMPLE_CTRL.tcl
restart
add_force {/IV_SAMPLE_CTRL/i_CLK} -radix hex {0 0ns} {1 150000ps} -repeat_every 300000ps
add_force {/IV_SAMPLE_CTRL/i_TORAM} -radix hex {AA 0ns}
run 100 ns
run 100 ns
add_force {/IV_SAMPLE_CTRL/i_RnW} -radix hex {1 0ns}
run 100 ns
restart
run 100 ns
run 100 ns
run 100 ns
run 100 ns
add_force {/IV_SAMPLE_CTRL/i_RnW} -radix hex {1 0ns}
run 100 ns
add_force {/IV_SAMPLE_CTRL/i_DATA_FROM_IVSA} -radix hex {BB 0ns}
run 100 ns
run 100 ns
add_force {/IV_SAMPLE_CTRL/i_RnW} -radix hex {0 0ns}
add_force {/IV_SAMPLE_CTRL/i_TORAM} -radix hex {1 0ns}
run 100 ns
run 100 ns
add_force {/IV_SAMPLE_CTRL/i_TORAM} -radix hex {CC 0ns}
run 100 ns
run 100 ns
run 100 ns
run 100 ns
add_force {/IV_SAMPLE_CTRL/i_TORAM} -radix hex {1 0ns}
run 100 ns
add_force {/IV_SAMPLE_CTRL/i_RnW} -radix hex {1 0ns}
run 100 ns
run 100 ns
run 100 ns
run 100 ns
close_sim
reset_run synth_1
launch_runs synth_1 -jobs 12
wait_on_run synth_1
open_run synth_1 -name synth_1
launch_simulation -mode post-synthesis -type functional
source IV_SAMPLE_CTRL.tcl
restart
add_force {/IV_SAMPLE_CTRL/i_CLK} -radix hex {0 0ns} {1 150000ps} -repeat_every 300000ps
add_force {/IV_SAMPLE_CTRL/i_RnW} -radix hex {0 0ns}
add_force {/IV_SAMPLE_CTRL/i_FSM_RESET} -radix hex {0 0ns}
add_force {/IV_SAMPLE_CTRL/i_TORAM} -radix hex {1 0ns}
run 100 ns
run 100 ns
run 100 ns
run 100 ns
add_force {/IV_SAMPLE_CTRL/i_TORAM} -radix hex {FF 0ns}
run 100 ns
add_force {/IV_SAMPLE_CTRL/i_TORAM} -radix hex {1 0ns}
run 100 ns
run 100 ns
run 100 ns
add_force {/IV_SAMPLE_CTRL/i_RnW} -radix hex {1 0ns}
run 100 ns
run 100 ns
run 100 ns
add_force {/IV_SAMPLE_CTRL/i_RnW} -radix hex {0 0ns}
add_force {/IV_SAMPLE_CTRL/i_TORAM} -radix hex {19 0ns}
run 100 ns
run 100 ns
run 100 ns
run 100 ns
run 100 ns
add_force {/IV_SAMPLE_CTRL/i_RnW} -radix hex {1 0ns}
run 100 ns
add_force {/IV_SAMPLE_CTRL/i_DATA_FROM_IVSA} -radix hex {BB 0ns}
run 100 ns
run 100 ns
add_force {/IV_SAMPLE_CTRL/i_RnW} -radix hex {0 0ns}
add_force {/IV_SAMPLE_CTRL/i_TORAM} -radix hex {1 0ns}
run 100 ns
add_force {/IV_SAMPLE_CTRL/i_RnW} -radix hex {1 0ns}
run 100 ns
run 100 ns
run 100 ns
close_sim
reset_run synth_1
launch_runs synth_1 -jobs 12
wait_on_run synth_1
close_design
open_run synth_1 -name synth_1
launch_simulation -mode post-synthesis -type functional
source IV_SAMPLE_CTRL.tcl
restart
add_force {/IV_SAMPLE_CTRL/i_CLK} -radix hex {0 0ns} {1 150000ps} -repeat_every 300000ps
add_force {/IV_SAMPLE_CTRL/i_RnW} -radix hex {0 0ns}
add_force {/IV_SAMPLE_CTRL/i_FSM_RESET} -radix hex {0 0ns}
add_force {/IV_SAMPLE_CTRL/i_TORAM} -radix hex {1 0ns}
run 100 ns
run 100 ns
close_sim
