#-----------------------------------------------------------
# Vivado v2024.1 (64-bit)
# SW Build 5076996 on Wed May 22 18:37:14 MDT 2024
# IP Build 5075265 on Wed May 22 21:45:21 MDT 2024
# SharedData Build 5076995 on Wed May 22 18:29:18 MDT 2024
# Start of session at: Fri Nov 15 22:26:59 2024
# Process ID: 14360
# Current directory: F:/Git Projects/EIT/P7---Bsc/Code/VHDL/FPGA_TESTS/TEST_INPUTS/TEST_INPUTS.runs/impl_1
# Command line: vivado.exe -log TEST_OUTPUTS.vdi -applog -product Vivado -messageDb vivado.pb -mode batch -source TEST_OUTPUTS.tcl -notrace
# Log file: F:/Git Projects/EIT/P7---Bsc/Code/VHDL/FPGA_TESTS/TEST_INPUTS/TEST_INPUTS.runs/impl_1/TEST_OUTPUTS.vdi
# Journal file: F:/Git Projects/EIT/P7---Bsc/Code/VHDL/FPGA_TESTS/TEST_INPUTS/TEST_INPUTS.runs/impl_1\vivado.jou
# Running On        :DESKTOP-DNC9NIR
# Platform          :Windows Server 2016 or Windows 10
# Operating System  :19045
# Processor Detail  :13th Gen Intel(R) Core(TM) i7-13700K
# CPU Frequency     :3418 MHz
# CPU Physical cores:16
# CPU Logical cores :24
# Host memory       :34112 MB
# Swap memory       :5100 MB
# Total Virtual     :39212 MB
# Available Virtual :21224 MB
#-----------------------------------------------------------
source TEST_OUTPUTS.tcl -notrace
