#-----------------------------------------------------------
# Vivado v2024.1 (64-bit)
# SW Build 5076996 on Wed May 22 18:37:14 MDT 2024
# IP Build 5075265 on Wed May 22 21:45:21 MDT 2024
# SharedData Build 5076995 on Wed May 22 18:29:18 MDT 2024
# Start of session at: Wed Nov  6 14:09:10 2024
# Process ID: 16116
# Current directory: C:/Users/jakob/Desktop/P7---Bsc/Code/VHDL/FPGA_TotalMemTest/FPGA_TotalMemTest.runs/synth_1
# Command line: vivado.exe -log MASTER_FILE.vds -product Vivado -mode batch -messageDb vivado.pb -notrace -source MASTER_FILE.tcl
# Log file: C:/Users/jakob/Desktop/P7---Bsc/Code/VHDL/FPGA_TotalMemTest/FPGA_TotalMemTest.runs/synth_1/MASTER_FILE.vds
# Journal file: C:/Users/jakob/Desktop/P7---Bsc/Code/VHDL/FPGA_TotalMemTest/FPGA_TotalMemTest.runs/synth_1\vivado.jou
# Running On        :DESKTOP-26ONRPF
# Platform          :Windows Server 2016 or Windows 10
# Operating System  :19045
# Processor Detail  :Intel(R) Core(TM) i5-7300HQ CPU @ 2.50GHz
# CPU Frequency     :2496 MHz
# CPU Physical cores:4
# CPU Logical cores :4
# Host memory       :8469 MB
# Swap memory       :7285 MB
# Total Virtual     :15754 MB
# Available Virtual :2226 MB
#-----------------------------------------------------------
source MASTER_FILE.tcl -notrace
